
-- stage 0: the bus --
isDSiMode        yes
SCFG_EXT  ARM9   8307F100
SCFG_EXT  ARM7   93FFFB06
SCFG_CLK  ARM9   00000081
SCFG_ROM  ARM9   00000001
SCFG_EXT7 BIT(18) set

-- stage 0b: the ROM's RetroAchievements hash --
ROM              sd:/roms/0022 - Super Mario 64 DS (Europe) (En,Fr,De,Es,It) (patched).nds
[32mhash             c3b1916756737f2c4117cc95c1d51ac7[37m
arm9 / arm7      382212 / 150308 bytes
would malloc     382212 bytes
heap after hash  77824 safe + 10256 free, top 02325000, limit 02FF4000

-- stage 0c: the RetroAchievements config --
ra.cfg           found
username         Bakke
password         (set, 10 chars)
hardcore         0
10 keys parsed but not acted on yet

-- the ARM7 half --
installWifiFIFO() is in

-- stage 1-5: bring the chip up and associate --
wifi_host_init
did init iop
Resetting SDIO...
Skip opcond...
Rev: 11
Mfg 02010271 Cid 0d000001 (AR6014)
AR6014 needs firmware upload 0.
Reset cause: 00000002
BMI version: 2300006f
BMI finishing...
Launching!
Firmware 609c0202 ready, handshaking...
wait ready
HTC_MSG_READY, len 06 08
WMI_READY_EVENT, 2 MAC: 04:03:d6:f9:36:52
WMI_REG_DOMAIN_EVENT 80000188
AR6014 fully initialized!
scanning
WMI_GET_CHANNEL_LIST_RESP num 0d
WMI_BSSINFO MuMiMo24 (WPA2-PSK)
  BSSID 00:5f:67:e9:f5:70
  G TKIP P AES A PSK
  3 4 2 -- 30 994
WMI_BSSINFO MuMiMo24 (WPA2-PSK)
  BSSID 00:5f:67:e9:f5:70
  G TKIP P AES A PSK
  3 4 2 -- 37 994
netif is not up, old style port?WMI_CONNECT_EVENT len ca
Connecting to AP
WPA2 Handshake 1/4:
Done auth
WPA2 Handshake 3/4:
Added GTK 1
Done auth
Dev 04:03:d6:f9:36:52
AP 00:5f:67:e9:f5:70

-- stage 6: DHCP --
WMI_BSSINFO MuMiMo24 (WPA2-PSK)
  BSSID 00:5f:67:e9:f5:70
  G TKIP P AES A PSK
  3 4 2 -- 38 994
WMI pkt ID 1008, len 08 08
IP               192.168.0.112
heap with lwip up 77824 safe + 10200 free, top 02325000, limit 02FF4000

-- stage 7-9: reach the API over plain HTTP --
resolved         retroachievements.org
its address      104.26.3.251
connected        port 80
request sent
recv stopped after 1000
[32mthe API answered over plain HTTP[37m
body: {"Success":false,"Status":401,"Code":"invalid_credentials","Error":"Invalid user\/password combination. Please try again."}
heap after HTTP  77824 safe + 10072 free, top 02325000, limit 02FF4000

-- stage 10: log in --
logging in as    Bakke
1089 bytes back
[32mlogged in, token (set, 16 chars)[37m
heap after login 77824 safe + 10072 free, top 02325000, limit 02FF4000

-- draining the tail --

-- summary --
chip             AR6014
arrived          cold
BMI / launch     yes / yes
firmware / WMI   ready / ready
associated       yes
link ready       yes
IP               192.168.0.112
DNS / TCP / API  ok / ok / ok
logged in        yes
log lines        41

[33mreached stage 10 of 10[37m
logged in from the launcher.

log written and synced -- safe to power off.
this build does not boot games.
