
-- stage 0: the bus --
isDSiMode        yes
SCFG_EXT  ARM9   8307F100
SCFG_EXT  ARM7   93FFFB06
SCFG_CLK  ARM9   00000081
SCFG_ROM  ARM9   00000001
SCFG_EXT7 BIT(18) set

-- the ARM7 half --
installWifiFIFO() is in

-- stage 1-3: bring the chip up --
Resetting SDIO...
Skip opcond...
Rev: 11
Mfg 02010271 Cid 0d000001 (AR6014)
AR6014 needs firmware upload 0.
Reset cause: 00000002
BMI version: 2300006f
BMI finishing...
Launching!
Firmware 609c0202 ready, handshaking...
wait ready
HTC_MSG_READY, len 06 08
WMI_READY_EVENT, 2 MAC: 04:03:d6:f9:36:52
WMI_REG_DOMAIN_EVENT 80000188
AR6014 fully initialized!
scanning
WMI_GET_CHANNEL_LIST_RESP num 0d

-- stage 4-5: associate and authenticate --
WMI_BSSINFO MuMiMo24 (WPA2-PSK)
  BSSID 00:5f:67:e9:f5:70
  G TKIP P AES A PSK
  3 4 2 -- 38 994
WMI_BSSINFO MuMiMo24 (WPA2-PSK)
  BSSID 00:5f:67:e9:f5:70
  G TKIP P AES A PSK
  3 4 2 -- 3a 994
WMI_CONNECT_EVENT len ca
WPA2 Handshake 1/4:
Done auth
WPA2 Handshake 3/4:
Added GTK 1
Done auth
WMI_BSSINFO MuMiMo24 (WPA2-PSK)
  BSSID 00:5f:67:e9:f5:70
  G TKIP P AES A PSK
  3 4 2 -- 3b 994
WMI pkt ID 1008, len 08 08

-- summary --
chip             AR6014
arrived          cold
BMI / launch     yes / yes
firmware / WMI   ready / ready
associated       yes
link ready       yes
log lines        36

[33mreached stage 5 of 5[37m
the chip comes up inside the launcher.

log written and synced -- safe to power off.
this build does not boot games.
