
-- stage 0: the bus --
isDSiMode        yes
SCFG_EXT  ARM9   8307F100
SCFG_EXT  ARM7   93FFFB06
SCFG_CLK  ARM9   00000081
SCFG_ROM  ARM9   00000001
SCFG_EXT7 BIT(18) set

-- stage 0b: the ROM's RetroAchievements hash --
ROM              sd:/roms/0022 - Super Mario 64 DS (Europe) (En,Fr,De,Es,It) (patched).nds
[32mhash             c3b1916756737f2c4117cc95c1d51ac7[37m
arm9 / arm7      382212 / 150308 bytes
would malloc     382212 bytes
heap after hash  40960 safe + 10360 free, top 0232E000, limit 02FF4000

-- stage 0c: the RetroAchievements config --
ra.cfg           found
username         Bakke
password         (set, 10 chars)
hardcore         0
10 keys parsed but not acted on yet

-- the ARM7 half --
installWifiFIFO() is in

-- stage 1-5: bring the chip up and associate --
wifi_host_init
did init iop
Resetting SDIO...
Skip opcond...
Rev: 11
Mfg 02010271 Cid 0d000001 (AR6014)
AR6014 needs firmware upload 0.
Reset cause: 00000002
BMI version: 2300006f
BMI finishing...
Launching!
Firmware 609c0202 ready, handshaking...
wait ready
HTC_MSG_READY, len 06 08
WMI_READY_EVENT, 2 MAC: 04:03:d6:f9:36:52
WMI_REG_DOMAIN_EVENT 80000188
AR6014 fully initialized!
scanning
WMI_GET_CHANNEL_LIST_RESP num 0d
netif is not up, old style port?WMI_BSSINFO MuMiMo24 (WPA2-PSK)
  BSSID 00:5f:67:e9:f5:70
  G TKIP P AES A PSK
  3 4 2 -- 32 994
WMI_CONNECT_EVENT len ca
Connecting to AP
WPA2 Handshake 1/4:
Done auth

-- stage 6: DHCP --
WPA2 Handshake 3/4:
Added GTK 1
Done auth
Dev 04:03:d6:f9:36:52
AP 00:5f:67:e9:f5:70
WMI_BSSINFO MuMiMo24 (WPA2-PSK)
  BSSID 00:5f:67:e9:f5:70
  G TKIP P AES A PSK
  3 4 2 -- 38 994
WMI pkt ID 1008, len 08 08
IP               192.168.0.112
heap with lwip up 40960 safe + 10304 free, top 0232E000, limit 02FF4000

-- stage 7-9: reach the API over plain HTTP --
resolved         retroachievements.org
its address      104.26.3.251
connected        port 80
request sent
recv stopped after 1002
[32mthe API answered over plain HTTP[37m
body: {"Success":false,"Status":401,"Code":"invalid_credentials","Error":"Invalid user\/password combination. Please try again."}
heap after HTTP  40960 safe + 10176 free, top 0232E000, limit 02FF4000

-- stage 10: log in --
logging in as    Bakke
1093 bytes back
[32mlogged in, token (set, 16 chars)[37m
heap after login 40960 safe + 10176 free, top 0232E000, limit 02FF4000

-- stage 11: does the server know this ROM --
asking about     c3b1916756737f2c4117cc95c1d51ac7
878 bytes back
[32mGameID           14856[37m
heap after gameid 40960 safe + 10176 free, top 0232E000, limit 02FF4000

-- stage 12: start a play session --
1022 bytes back
session reply:
  {"Success":true,"ServerNow":1786244358,"HardcoreUnlocks":[{"ID":91467,"When":1786166850}],"Unlocks":[{"ID":93119,"When":1786243172},{"ID":10100
  0001,"When":1786244358}]}
[32msession started[37m
session unlocks  2 soft, 1 hard
heap after session 40960 safe + 10176 free, top 0232E000, limit 02FF4000

-- stage 13: report what the last session earned --
queue            1 to send
[32m  93120  awarded[37m
award reply:
  {"Success":true,"AchievementID":93120,"AchievementsRemaining":53,"Score":1126,"SoftcoreScore":597}
awarded 1, refused 0, still owed 0
heap after award 40960 safe + 10176 free, top 0232E000, limit 02FF4000

-- stage 14: what has this account already earned --
939 bytes back
unlocks reply:
  {"Success":true,"GameID":14856,"HardcoreMode":false,"UserUnlocks":[93119,93120,101000001]}
[32malready earned    3[37m
  earned id      93119
  earned id      93120
  earned id      101000001  (server notice)
heap after unlocks 40960 safe + 10176 free, top 0232E000, limit 02FF4000

-- stage 15: fetch the set --
asking for       game 14856
body was         87752 bytes
definitions      53 kept, 3 unofficial
ids              53 with, 0 without
already earned   2 of 3 matched this set
of those, 1 is the server's own notice
[33m1 server notice(s) dropped, first id 101000001[37m
context: "Title":"Warning: Unknown Emulator","Description":"Hardcore unlocks cannot be earned using this emulator.","MemAddr":"1=1.300.","Points":0,"Author":"","Modified":1786244369,"Created"block            16382 of 32759 used, 16382 wanted
memaddr length   58 shortest, 6264 longest, of 8191
def 1  1232      93121:R:0xH09cab4>0_R:0xH09cab5>0_R:0xH09cab6>0_R:0xH09c
def 2  2334      93177:P:0x 0017e874=64.1._P:0x 00189074=64.1._0xT0009caa
def 3  2294      93176:R:0x 0009f5c0=39648_R:0x 0009f5c0=39700_0xT0009caa
[32mstaged 53 definitions for the cardengine[37m
heap after patch 40960 safe + 10304 free, top 0232E000, limit 02FF4000

-- draining the tail --

-- summary --
chip             AR6014
arrived          cold
BMI / launch     yes / yes
firmware / WMI   ready / ready
associated       yes
link ready       yes
IP               192.168.0.112
DNS / TCP / API  ok / ok / ok
logged in        yes
GameID           14856
session          started, 2 soft / 1 hard
submitted        1 ok, 0 refused, 0 owed
already earned   3
definitions      53 in 16382 bytes
log lines        37

[33mreached stage 15 of 15[37m
the set is staged for the cardengine.
already earned   3
definitions to   sd:/ra_definitions.txt

-- giving the radio back --
AR6014 deinitted
ARM7            deinitted
ARM9            timer and FIFO handler stopped

radio down -- booting the game.
