
-- stage 0: the bus --
isDSiMode        yes
SCFG_EXT  ARM9   8307F100
SCFG_EXT  ARM7   93FFFB06
SCFG_CLK  ARM9   00000081
SCFG_ROM  ARM9   00000001
SCFG_EXT7 BIT(18) set

-- stage 0b: the ROM's RetroAchievements hash --
ROM              sd:/roms/Contra_4.nds
[32mhash             4a0bb913060b127b94ea47aff6c6a340[37m
hashes           already in sd:/ra_hashes.txt
arm9 / arm7      1885880 / 158116 bytes
would malloc     1885880 bytes
heap after hash  32768 safe + 9632 free, top 02330000, limit 02FF4000

-- stage 0c: the RetroAchievements config --
ra.cfg           found
username         Bakke
password         (set, 10 chars)
hardcore         0
10 keys parsed but not acted on yet

-- the ARM7 half --
installWifiFIFO() is in

-- stage 1-5: bring the chip up and associate --
wifi_host_init
did init iop
Resetting SDIO...
Skip opcond...
Rev: 11
Mfg 02010271 Cid 0d000001 (AR6014)
AR6014 needs firmware upload 0.
Reset cause: 00000002
BMI version: 2300006f
BMI finishing...
Launching!
Firmware 609c0202 ready, handshaking...
wait ready
HTC_MSG_READY, len 06 08
WMI_READY_EVENT, 2 MAC: 04:03:d6:f9:36:52
WMI_REG_DOMAIN_EVENT 80000188
AR6014 fully initialized!
scanning
WMI_GET_CHANNEL_LIST_RESP num 0d
WMI_BSSINFO MuMiMo24 (WPA2-PSK)
  BSSID 00:5f:67:e9:f5:70
  G TKIP P AES A PSK
  3 4 2 -- 34 994
WMI_BSSINFO MuMiMo24 (WPA2-PSK)
  BSSID 00:5f:67:e9:f5:70
  G TKIP P AES A PSK
  3 4 2 -- 3f 994
netif is not up, old style port?WMI_CONNECT_EVENT len ca
Connecting to AP
WPA2 Handshake 1/4:
Done auth

-- stage 6: DHCP --
WPA2 Handshake 3/4:
Added GTK 1
Done auth
Dev 04:03:d6:f9:36:52
AP 00:5f:67:e9:f5:70
WMI_BSSINFO MuMiMo24 (WPA2-PSK)
  BSSID 00:5f:67:e9:f5:70
  G TKIP P AES A PSK
  3 4 2 -- 40 994
WMI pkt ID 1008, len 08 08
IP               192.168.0.112
heap with lwip up 32768 safe + 9576 free, top 02330000, limit 02FF4000

-- stage 7-9: reach the API over plain HTTP --
resolved         retroachievements.org
its address      104.26.2.251
connected        port 80
request sent
recv stopped after 1000
[32mthe API answered over plain HTTP[37m
body: {"Success":false,"Status":401,"Code":"invalid_credentials","Error":"Invalid user\/password combination. Please try again."}
heap after HTTP  32768 safe + 9448 free, top 02330000, limit 02FF4000

-- stage 10: log in --
logging in as    Bakke
1095 bytes back
[32mlogged in, token (set, 16 chars)[37m
heap after login 32768 safe + 9448 free, top 02330000, limit 02FF4000

-- stage 11: does the server know this ROM --
asking about     4a0bb913060b127b94ea47aff6c6a340
886 bytes back
[32mGameID           12917[37m
heap after gameid 32768 safe + 9448 free, top 02330000, limit 02FF4000

-- stage 12: start a play session --
959 bytes back
session reply:
  {"Success":true,"ServerNow":1786291053,"HardcoreUnlocks":[],"Unlocks":[{"ID":101000001,"When":1786291053}]}
[32msession started[37m
session unlocks  1 soft, 0 hard
heap after session 32768 safe + 9448 free, top 02330000, limit 02FF4000

-- stage 13: report what the last session earned --
queue            empty (1024 bytes read)
heap after award 32768 safe + 9448 free, top 02330000, limit 02FF4000

-- stage 14: what has this account already earned --
925 bytes back
unlocks reply:
  {"Success":true,"GameID":12917,"HardcoreMode":false,"UserUnlocks":[101000001]}
[32malready earned    1[37m
  earned id      101000001  (server notice)
heap after unlocks 32768 safe + 9448 free, top 02330000, limit 02FF4000

-- stage 15: fetch the set --
asking for       game 12917
body was         29560 bytes
definitions      45 kept, 0 unofficial
ids              45 with, 0 without
already earned   0 of 1 matched this set
of those, 1 is the server's own notice
[33m1 server notice(s) dropped, first id 101000001[37m
context: "Title":"Warning: Unknown Emulator","Description":"Hardcore unlocks cannot be earned using this emulator.","MemAddr":"1=1.300.","Points":0,"Author":"","Modified":1786291074,"Created"block            7416 of 32759 used, 7416 wanted
memaddr length   24 shortest, 546 longest, of 8191
def 1    82      302329:d0xH1cd7ff=51_0xH1cd7ff=52_0xX1cd7d4=17_N:0xH1cd8
def 2    82      302330:d0xH1cd7ff=52_0xH1cd7ff=53_0xX1cd7d4=17_N:0xH1cd8
def 3    82      302331:d0xH1cd7ff=53_0xH1cd7ff=54_0xX1cd7d4=17_N:0xH1cd8
[32mstaged 45 definitions for the cardengine[37m
heap after patch 32768 safe + 9576 free, top 02330000, limit 02FF4000

-- draining the tail --

-- summary --
chip             AR6014
arrived          cold
BMI / launch     yes / yes
firmware / WMI   ready / ready
associated       yes
link ready       yes
IP               192.168.0.112
DNS / TCP / API  ok / ok / ok
logged in        yes
GameID           12917
session          started, 1 soft / 0 hard
submitted        0 ok, 0 refused, 0 owed
already earned   1
definitions      45 in 7416 bytes
log lines        41

[33mreached stage 15 of 15[37m
the set is staged for the cardengine.
already earned   1
definitions to   sd:/ra_definitions.txt

-- giving the radio back --
AR6014 deinitted
ARM7            deinitted
ARM9            timer and FIFO handler stopped

radio down -- booting the game.
